// Jest Snapshot v1, https://goo.gl/fbAQLP

exports[`Giriş yapılmadığında Snapshot Testi 1`] = `
"<div>
  <div class=\\"bgcolor\\">
    <div id=\\"baslik\\"><img src=\\"src/assets/ev.png\\" alt=\\"\\"> <span><router-link-stub to=\\"/\\" class=\\"nav1\\">ANASAYFA</router-link-stub></span> <span><router-link-stub to=\\"/hakkımızda\\" class=\\"nav1\\">HAKKIMIZDA</router-link-stub></span> <span class=\\"nav1\\">SİPARİŞ TAKİBİ</span> <span class=\\"nav1\\">İLETİŞİM</span>
      <ul class=\\"navBar\\">
        <router-link-stub to=\\"/login\\" tag=\\"li\\" class=\\"list\\"><img src=\\"src/assets/profil.png\\" alt=\\"yok\\" class=\\"img\\" style=\\"margin-top: 3px; text-decoration: none; margin-left: 5px;\\"><a class=\\"hov\\" style=\\"text-decoration: none;\\"> Üye Girişi </a></router-link-stub>
        <!---->
        <router-link-stub to=\\"/uyeOl\\" tag=\\"li\\" class=\\"list\\"><img src=\\"src/assets/profil2.png\\" alt=\\"yok\\" class=\\"img\\" style=\\"margin-top: 3px; text-decoration: none; margin-left: 5px;\\"><a class=\\"hov\\" style=\\"text-decoration: none;\\"> Kayıt Ol </a></router-link-stub>
        <!---->
      </ul>
    </div>
  </div>
  <div class=\\"renkke\\">
    <div class=\\"arkaplan\\">
      <div class=\\"topnav\\"><img src=\\"src/assets/logogo.png\\" alt=\\"\\"> <img src=\\"\\" alt=\\"\\"> <img src=\\"src/assets/arama.png\\" alt=\\"\\" class=\\"aramabuton\\"> <input type=\\"text\\" placeholder=\\"Arama\\"></div>
      <div class=\\"sepeet\\">
        <ul class=\\"navBar\\">
          <router-link-stub tag=\\"li\\" to=\\"/uyegirisi\\" class=\\"list\\" style=\\"text-decoration: none;\\"><img src=\\"src/assets/whatsap.png\\" alt=\\"\\" class=\\"whatsapp\\"></router-link-stub>
          <li class=\\"sepke\\">
            <router-link-stub to=\\"/sepetim\\" class=\\"sepkee\\"><svg aria-hidden=\\"true\\" focusable=\\"false\\" data-prefix=\\"fas\\" data-icon=\\"shopping-cart\\" role=\\"img\\" xmlns=\\"http://www.w3.org/2000/svg\\" viewBox=\\"0 0 576 512\\" class=\\"sepeticon svg-inline--fa fa-shopping-cart fa-w-18\\">
                <path fill=\\"currentColor\\" d=\\"M528.12 301.319l47.273-208C578.806 78.301 567.391 64 551.99 64H159.208l-9.166-44.81C147.758 8.021 137.93 0 126.529 0H24C10.745 0 0 10.745 0 24v16c0 13.255 10.745 24 24 24h69.883l70.248 343.435C147.325 417.1 136 435.222 136 456c0 30.928 25.072 56 56 56s56-25.072 56-56c0-15.674-6.447-29.835-16.824-40h209.647C430.447 426.165 424 440.326 424 456c0 30.928 25.072 56 56 56s56-25.072 56-56c0-22.172-12.888-41.332-31.579-50.405l5.517-24.276c3.413-15.018-8.002-29.319-23.403-29.319H218.117l-6.545-32h293.145c11.206 0 20.92-7.754 23.403-18.681z\\" class=\\"\\"></path>
              </svg> <span id=\\"lblCartCount\\" class=\\"badge badge-warning badgee\\">2</span><br>
              <p class=\\"sepo\\">Sepetim</p>
            </router-link-stub>
          </li>
        </ul>
      </div>
    </div>
  </div>
</div>"
`;
